
Running 1 test using 1 worker

[OmniForm] Renovation Questionnaire — step 1/8 "Oliva Standard Questions" (4 fields → Next)
[OmniForm] Renovation Questionnaire — step 2/8 "Proposer Details" (2 fields → Next)
[OmniForm] Renovation Questionnaire — step 3/8 "Renovation Main" (8 fields → Next)
[OmniForm] Renovation Questionnaire — step 4/8 "Renovation Cont." (10 fields → Next)
  ✘  1 tests/oliva-reno-nb.spec.ts:30:5 › create Construction Renovation NB policy end-to-end (2.3m)


  1) tests/oliva-reno-nb.spec.ts:30:5 › create Construction Renovation NB policy end-to-end › Fill product-level Renovation questionnaire 

    TimeoutError: locator.click: Timeout 45000ms exceeded.
    Call log:
      - waiting for getByRole('option', { name: 'No', exact: true }).or(locator('[role="listbox"] [role="option"], lightning-base-combobox-item').filter({ hasText: 'No' })).filter({ visible: true }).first()
        - locator resolved to <a role="option" tabindex="-1" lwc-14a5d29mqrb="" aria-selected="false" class="slds-path__link" href="javascript:void(0);">…</a>
      - attempting click action
        2 × waiting for element to be visible, enabled and stable
          - element is visible, enabled and stable
          - scrolling into view if needed
          - done scrolling
          - <vlocity_ins-omniscript-step class="" lwc-242s55gru7e="" data-omni-key="STPRenovationCont" vlocity_ins-omniscriptstep_omniscriptstep-host="">…</vlocity_ins-omniscript-step> from <div lwc-1n142g6kutj="" class="slds-grid slds-wrap slds-col slds-size_1-of-1 row row-main">…</div> subtree intercepts pointer events
        - retrying click action
        - waiting 20ms
        2 × waiting for element to be visible, enabled and stable
          - element is visible, enabled and stable
          - scrolling into view if needed
          - done scrolling
          - <vlocity_ins-omniscript-step class="" lwc-242s55gru7e="" data-omni-key="STPRenovationCont" vlocity_ins-omniscriptstep_omniscriptstep-host="">…</vlocity_ins-omniscript-step> from <div lwc-1n142g6kutj="" class="slds-grid slds-wrap slds-col slds-size_1-of-1 row row-main">…</div> subtree intercepts pointer events
        - retrying click action
          - waiting 100ms
        87 × waiting for element to be visible, enabled and stable
           - element is visible, enabled and stable
           - scrolling into view if needed
           - done scrolling
           - <vlocity_ins-omniscript-step class="" lwc-242s55gru7e="" data-omni-key="STPRenovationCont" vlocity_ins-omniscriptstep_omniscriptstep-host="">…</vlocity_ins-omniscript-step> from <div lwc-1n142g6kutj="" class="slds-grid slds-wrap slds-col slds-size_1-of-1 row row-main">…</div> subtree intercepts pointer events
         - retrying click action
           - waiting 500ms


       at ../src/pages/OmniScriptFormPage.ts:130

      128 |       .first();
      129 |     await expect(option).toBeVisible({ timeout: 20_000 });
    > 130 |     await option.click();
          |                  ^
      131 |     await waitForSpinners(this.page);
      132 |   }
      133 |
        at OmniScriptFormPage.pickOption (/Users/praneethpaturu/Downloads/wysele AI/oliva-automation/src/pages/OmniScriptFormPage.ts:130:18)
        at OmniScriptFormPage.fillField (/Users/praneethpaturu/Downloads/wysele AI/oliva-automation/src/pages/OmniScriptFormPage.ts:46:9)
        at OmniScriptFormPage.fill (/Users/praneethpaturu/Downloads/wysele AI/oliva-automation/src/pages/OmniScriptFormPage.ts:27:9)
        at /Users/praneethpaturu/Downloads/wysele AI/oliva-automation/tests/oliva-reno-nb.spec.ts:82:5
        at /Users/praneethpaturu/Downloads/wysele AI/oliva-automation/tests/oliva-reno-nb.spec.ts:80:3

    attachment #1: screenshot (image/png) ──────────────────────────────────────────────────────────
    test-results/oliva-reno-nb-create-Const-d82b7-vation-NB-policy-end-to-end/test-failed-1.png
    ────────────────────────────────────────────────────────────────────────────────────────────────

    attachment #2: video (video/webm) ──────────────────────────────────────────────────────────────
    test-results/oliva-reno-nb-create-Const-d82b7-vation-NB-policy-end-to-end/video.webm
    ────────────────────────────────────────────────────────────────────────────────────────────────

    Error Context: test-results/oliva-reno-nb-create-Const-d82b7-vation-NB-policy-end-to-end/error-context.md

    attachment #4: trace (application/zip) ─────────────────────────────────────────────────────────
    test-results/oliva-reno-nb-create-Const-d82b7-vation-NB-policy-end-to-end/trace.zip
    Usage:

        npx playwright show-trace test-results/oliva-reno-nb-create-Const-d82b7-vation-NB-policy-end-to-end/trace.zip

    ────────────────────────────────────────────────────────────────────────────────────────────────

  1 failed
    tests/oliva-reno-nb.spec.ts:30:5 › create Construction Renovation NB policy end-to-end ─────────
