
Running 1 test using 1 worker

  ✘  1 tests/oliva-reno-nb.spec.ts:30:5 › create Construction Renovation NB policy end-to-end (1.0m)


  1) tests/oliva-reno-nb.spec.ts:30:5 › create Construction Renovation NB policy end-to-end › Complete submission wizard 

    Error: expect(locator).toBeVisible() failed

    Locator: getByRole('option', { name: 'Preethi G', exact: true }).or(getByText('Preethi G', { exact: true })).first()
    Expected: visible
    Timeout: 30000ms
    Error: element(s) not found

    Call log:
      - Expect "toBeVisible" with timeout 30000ms
      - waiting for getByRole('option', { name: 'Preethi G', exact: true }).or(getByText('Preethi G', { exact: true })).first()


       at ../src/pages/SubmissionWizardPage.ts:95

      93 |       .or(this.page.getByText(option, { exact: true }))
      94 |       .first();
    > 95 |     await expect(opt).toBeVisible({ timeout: 30_000 });
         |                       ^
      96 |     await opt.click();
      97 |   }
      98 |
        at SubmissionWizardPage.clickOptionText (/Users/praneethpaturu/Downloads/wysele AI/oliva-automation/src/pages/SubmissionWizardPage.ts:95:23)
        at SubmissionWizardPage.pickTypeahead (/Users/praneethpaturu/Downloads/wysele AI/oliva-automation/src/pages/SubmissionWizardPage.ts:73:16)
        at SubmissionWizardPage.fillClientInformation (/Users/praneethpaturu/Downloads/wysele AI/oliva-automation/src/pages/SubmissionWizardPage.ts:24:5)
        at /Users/praneethpaturu/Downloads/wysele AI/oliva-automation/tests/oliva-reno-nb.spec.ts:69:5
        at /Users/praneethpaturu/Downloads/wysele AI/oliva-automation/tests/oliva-reno-nb.spec.ts:64:3

    attachment #1: screenshot (image/png) ──────────────────────────────────────────────────────────
    test-results/oliva-reno-nb-create-Const-d82b7-vation-NB-policy-end-to-end/test-failed-1.png
    ────────────────────────────────────────────────────────────────────────────────────────────────

    attachment #2: video (video/webm) ──────────────────────────────────────────────────────────────
    test-results/oliva-reno-nb-create-Const-d82b7-vation-NB-policy-end-to-end/video.webm
    ────────────────────────────────────────────────────────────────────────────────────────────────

    Error Context: test-results/oliva-reno-nb-create-Const-d82b7-vation-NB-policy-end-to-end/error-context.md

    attachment #4: trace (application/zip) ─────────────────────────────────────────────────────────
    test-results/oliva-reno-nb-create-Const-d82b7-vation-NB-policy-end-to-end/trace.zip
    Usage:

        npx playwright show-trace test-results/oliva-reno-nb-create-Const-d82b7-vation-NB-policy-end-to-end/trace.zip

    ────────────────────────────────────────────────────────────────────────────────────────────────

  1 failed
    tests/oliva-reno-nb.spec.ts:30:5 › create Construction Renovation NB policy end-to-end ─────────
