
Running 1 test using 1 worker

[OmniForm] Renovation Questionnaire — step 1/8 "Oliva Standard Questions" (4 fields → Next)
[OmniForm] Renovation Questionnaire — step 2/8 "Proposer Details" (2 fields → Next)
  ✘  1 tests/oliva-reno-nb.spec.ts:30:5 › create Construction Renovation NB policy end-to-end (2.7m)


  1) tests/oliva-reno-nb.spec.ts:30:5 › create Construction Renovation NB policy end-to-end › Fill product-level Renovation questionnaire 

    TimeoutError: locator.click: Timeout 45000ms exceeded.
    Call log:
      - waiting for getByLabel(/^\*?\s*Is the proposer a business\?\s*$/).filter({ visible: true }).first()


       at ../src/pages/OmniScriptFormPage.ts:103

      101 |       .first();
      102 |     await combo.scrollIntoViewIfNeeded().catch(() => {});
    > 103 |     await combo.click();
          |                 ^
      104 |     // Vlocity comboboxes commit only when the option element is clicked
      105 |     // (a coordinate near it does not) — pick the VISIBLE option.
      106 |     const option = this.page
        at OmniScriptFormPage.pickOption (/Users/praneethpaturu/Downloads/wysele AI/oliva-automation/src/pages/OmniScriptFormPage.ts:103:17)
        at OmniScriptFormPage.fillField (/Users/praneethpaturu/Downloads/wysele AI/oliva-automation/src/pages/OmniScriptFormPage.ts:46:9)
        at OmniScriptFormPage.fill (/Users/praneethpaturu/Downloads/wysele AI/oliva-automation/src/pages/OmniScriptFormPage.ts:27:9)
        at /Users/praneethpaturu/Downloads/wysele AI/oliva-automation/tests/oliva-reno-nb.spec.ts:82:5
        at /Users/praneethpaturu/Downloads/wysele AI/oliva-automation/tests/oliva-reno-nb.spec.ts:80:3

    attachment #1: screenshot (image/png) ──────────────────────────────────────────────────────────
    test-results/oliva-reno-nb-create-Const-d82b7-vation-NB-policy-end-to-end/test-failed-1.png
    ────────────────────────────────────────────────────────────────────────────────────────────────

    attachment #2: video (video/webm) ──────────────────────────────────────────────────────────────
    test-results/oliva-reno-nb-create-Const-d82b7-vation-NB-policy-end-to-end/video.webm
    ────────────────────────────────────────────────────────────────────────────────────────────────

    Error Context: test-results/oliva-reno-nb-create-Const-d82b7-vation-NB-policy-end-to-end/error-context.md

    attachment #4: trace (application/zip) ─────────────────────────────────────────────────────────
    test-results/oliva-reno-nb-create-Const-d82b7-vation-NB-policy-end-to-end/trace.zip
    Usage:

        npx playwright show-trace test-results/oliva-reno-nb-create-Const-d82b7-vation-NB-policy-end-to-end/trace.zip

    ────────────────────────────────────────────────────────────────────────────────────────────────

  1 failed
    tests/oliva-reno-nb.spec.ts:30:5 › create Construction Renovation NB policy end-to-end ─────────
