
Running 1 test using 1 worker

  ✘  1 tests/oliva-reno-nb.spec.ts:30:5 › create Construction Renovation NB policy end-to-end (1.8m)


  1) tests/oliva-reno-nb.spec.ts:30:5 › create Construction Renovation NB policy end-to-end › Complete submission wizard 

    Error: expect(locator).toBeVisible() failed

    Locator: getByText(/DOU\/\d+\/CAHO\/\d+/).first()
    Expected: visible
    Timeout: 60000ms
    Error: element(s) not found

    Call log:
      - Expect "toBeVisible" with timeout 60000ms
      - waiting for getByText(/DOU\/\d+\/CAHO\/\d+/).first()


       at ../src/pages/SubmissionPage.ts:21

      19 |   async riskId(): Promise<string> {
      20 |     const holder = this.page.getByText(RISK_ID_PATTERN).first();
    > 21 |     await expect(holder).toBeVisible({ timeout: 60_000 });
         |                          ^
      22 |     const text = (await holder.textContent()) ?? '';
      23 |     const match = text.match(RISK_ID_PATTERN);
      24 |     if (!match) {
        at SubmissionPage.riskId (/Users/praneethpaturu/Downloads/wysele AI/oliva-automation/src/pages/SubmissionPage.ts:21:26)
        at /Users/praneethpaturu/Downloads/wysele AI/oliva-automation/tests/oliva-reno-nb.spec.ts:72:29
        at /Users/praneethpaturu/Downloads/wysele AI/oliva-automation/tests/oliva-reno-nb.spec.ts:64:3

    attachment #1: screenshot (image/png) ──────────────────────────────────────────────────────────
    test-results/oliva-reno-nb-create-Const-d82b7-vation-NB-policy-end-to-end/test-failed-1.png
    ────────────────────────────────────────────────────────────────────────────────────────────────

    attachment #2: video (video/webm) ──────────────────────────────────────────────────────────────
    test-results/oliva-reno-nb-create-Const-d82b7-vation-NB-policy-end-to-end/video.webm
    ────────────────────────────────────────────────────────────────────────────────────────────────

    Error Context: test-results/oliva-reno-nb-create-Const-d82b7-vation-NB-policy-end-to-end/error-context.md

    attachment #4: trace (application/zip) ─────────────────────────────────────────────────────────
    test-results/oliva-reno-nb-create-Const-d82b7-vation-NB-policy-end-to-end/trace.zip
    Usage:

        npx playwright show-trace test-results/oliva-reno-nb-create-Const-d82b7-vation-NB-policy-end-to-end/trace.zip

    ────────────────────────────────────────────────────────────────────────────────────────────────

  1 failed
    tests/oliva-reno-nb.spec.ts:30:5 › create Construction Renovation NB policy end-to-end ─────────
