
Running 1 test using 1 worker

[OmniForm] Renovation Questionnaire — step 1/8 "Oliva Standard Questions" (4 fields → Next)
[OmniForm] Renovation Questionnaire — step 2/8 "Proposer Details" (2 fields → Next)
[OmniForm] Renovation Questionnaire — step 3/8 "Renovation Main" (8 fields → Next)
[OmniForm] Renovation Questionnaire — step 4/8 "Renovation Cont." (10 fields → Next)
[OmniForm] Renovation Questionnaire — step 5/8 "Basement Work" (1 fields → Next)
[OmniForm] Renovation Questionnaire — step 6/8 "Timber Work" (1 fields → Next)
[OmniForm] skip absent/conditional field "Construction of timber framed buildings other than roof trusses?"
[OmniForm] Renovation Questionnaire — step 7/8 "Types of Work" (4 fields → Next)
[OmniForm] Renovation Questionnaire — step 8/8 "Additional Information" (3 fields → Save)
[OmniForm] Contract Works — step 1/1 "Coverage Questions" (6 fields → Save)
[OmniForm] Existing Structures — step 1/3 "Existing Structures" (8 fields → Next)
[OmniForm] Existing Structures — step 2/3 "Questions" (9 fields → Next)
[OmniForm] skip absent/conditional field "If "Yes" please provide full details"
[OmniForm] Existing Structures — step 3/3 "Excesses" (4 fields → Save)
[OmniForm] skip absent/conditional field "Excess - fire"
[OmniForm] skip absent/conditional field "Excess - water damage"
[OmniForm] skip absent/conditional field "Excess - flood"
[OmniForm] skip absent/conditional field "Excess - all other damage or losses"
  ✘  1 tests/oliva-reno-nb.spec.ts:30:5 › create Construction Renovation NB policy end-to-end (2.7m)


  1) tests/oliva-reno-nb.spec.ts:30:5 › create Construction Renovation NB policy end-to-end › Add all 9 Construction coverages 

    TimeoutError: locator.click: Timeout 45000ms exceeded.
    Call log:
      - waiting for getByRole('button', { name: 'Save', exact: true }).filter({ visible: true }).last()


       at ../src/pages/OmniScriptFormPage.ts:166

      164 |       .filter({ visible: true })
      165 |       .last()
    > 166 |       .click();
          |        ^
      167 |     await waitForSpinners(this.page);
      168 |   }
      169 | }
        at OmniScriptFormPage.clickAction (/Users/praneethpaturu/Downloads/wysele AI/oliva-automation/src/pages/OmniScriptFormPage.ts:166:8)
        at OmniScriptFormPage.fill (/Users/praneethpaturu/Downloads/wysele AI/oliva-automation/src/pages/OmniScriptFormPage.ts:29:18)
        at /Users/praneethpaturu/Downloads/wysele AI/oliva-automation/tests/oliva-reno-nb.spec.ts:88:7
        at /Users/praneethpaturu/Downloads/wysele AI/oliva-automation/tests/oliva-reno-nb.spec.ts:85:3

    attachment #1: screenshot (image/png) ──────────────────────────────────────────────────────────
    test-results/oliva-reno-nb-create-Const-d82b7-vation-NB-policy-end-to-end/test-failed-1.png
    ────────────────────────────────────────────────────────────────────────────────────────────────

    attachment #2: video (video/webm) ──────────────────────────────────────────────────────────────
    test-results/oliva-reno-nb-create-Const-d82b7-vation-NB-policy-end-to-end/video.webm
    ────────────────────────────────────────────────────────────────────────────────────────────────

    Error Context: test-results/oliva-reno-nb-create-Const-d82b7-vation-NB-policy-end-to-end/error-context.md

    attachment #4: trace (application/zip) ─────────────────────────────────────────────────────────
    test-results/oliva-reno-nb-create-Const-d82b7-vation-NB-policy-end-to-end/trace.zip
    Usage:

        npx playwright show-trace test-results/oliva-reno-nb-create-Const-d82b7-vation-NB-policy-end-to-end/trace.zip

    ────────────────────────────────────────────────────────────────────────────────────────────────

  1 failed
    tests/oliva-reno-nb.spec.ts:30:5 › create Construction Renovation NB policy end-to-end ─────────
