
Running 1 test using 1 worker

[OmniForm] Renovation Questionnaire — step 1/8 "Oliva Standard Questions" (4 fields → Next)
[OmniForm] Renovation Questionnaire — step 2/8 "Proposer Details" (2 fields → Next)
[OmniForm] Renovation Questionnaire — step 3/8 "Renovation Main" (8 fields → Next)
[OmniForm] Renovation Questionnaire — step 4/8 "Renovation Cont." (10 fields → Next)
[OmniForm] Renovation Questionnaire — step 5/8 "Basement Work" (1 fields → Next)
[OmniForm] Renovation Questionnaire — step 6/8 "Timber Work" (1 fields → Next)
[OmniForm] skip absent/conditional field "Construction of timber framed buildings other than roof trusses?"
[OmniForm] Renovation Questionnaire — step 7/8 "Types of Work" (4 fields → Next)
[OmniForm] Renovation Questionnaire — step 8/8 "Additional Information" (3 fields → Save)
[OmniForm] Contract Works — step 1/1 "Coverage Questions" (6 fields → Save)
[OmniForm] Existing Structures — step 1/3 "Existing Structures" (8 fields → Next)
[OmniForm] Existing Structures — step 2/3 "Questions" (9 fields → Next)
[OmniForm] Existing Structures — step 3/3 "Excesses" (4 fields → Save)
[OmniForm] Contents — step 1/1 "Coverage Questions" (5 fields → Save)
[OmniForm] Advanced Loss of Profits/Delayed Start Up — step 1/1 "Coverage Questions" (3 fields → Save)
[OmniForm] Own Plant — step 1/1 "Coverage Questions" (3 fields → Save)
[OmniForm] Hired in Plant — step 1/1 "Coverage Questions" (4 fields → Save)
[OmniForm] Public & Products Liability — step 1/1 "Coverage Questions" (2 fields → Save)
[OmniForm] Terrorism — step 1/1 "Coverage Questions" (8 fields → Save)
[OmniForm] JCT 6.5.1 Non Negligent Liability — step 1/2 "Page 1" (6 fields → Next)
[OmniForm] JCT 6.5.1 Non Negligent Liability — step 2/2 "Page 2" (5 fields → Save)
[BindersPage] 9 risk row(s) need binder selection
  ✘  1 tests/oliva-reno-nb.spec.ts:30:5 › create Construction Renovation NB policy end-to-end (4.6m)


  1) tests/oliva-reno-nb.spec.ts:30:5 › create Construction Renovation NB policy end-to-end › Select binders for all risks 

    Error: expect(locator).toBeVisible() failed

    Locator: locator('tr').filter({ hasText: 'Accelerant Oliva Construction 2023' }).filter({ has: getByRole('button', { name: 'Remove', exact: true }) }).last()
    Expected: visible
    Timeout: 30000ms
    Error: element(s) not found

    Call log:
      - Expect "toBeVisible" with timeout 30000ms
      - waiting for locator('tr').filter({ hasText: 'Accelerant Oliva Construction 2023' }).filter({ has: getByRole('button', { name: 'Remove', exact: true }) }).last()


       at ../src/pages/BindersPage.ts:107

      105 |       .filter({ has: this.page.getByRole('button', { name: 'Remove', exact: true }) })
      106 |       .last();
    > 107 |     await expect(selectedRow).toBeVisible({ timeout: 30_000 });
          |                               ^
      108 |
      109 |     // If N/R is already set (re-opened row), nothing more to do.
      110 |     if (
        at BindersPage.processBinderView (/Users/praneethpaturu/Downloads/wysele AI/oliva-automation/src/pages/BindersPage.ts:107:31)
        at BindersPage.selectAllBinders (/Users/praneethpaturu/Downloads/wysele AI/oliva-automation/src/pages/BindersPage.ts:61:7)
        at /Users/praneethpaturu/Downloads/wysele AI/oliva-automation/tests/oliva-reno-nb.spec.ts:99:5
        at /Users/praneethpaturu/Downloads/wysele AI/oliva-automation/tests/oliva-reno-nb.spec.ts:98:3

    attachment #1: screenshot (image/png) ──────────────────────────────────────────────────────────
    test-results/oliva-reno-nb-create-Const-d82b7-vation-NB-policy-end-to-end/test-failed-1.png
    ────────────────────────────────────────────────────────────────────────────────────────────────

    attachment #2: video (video/webm) ──────────────────────────────────────────────────────────────
    test-results/oliva-reno-nb-create-Const-d82b7-vation-NB-policy-end-to-end/video.webm
    ────────────────────────────────────────────────────────────────────────────────────────────────

    Error Context: test-results/oliva-reno-nb-create-Const-d82b7-vation-NB-policy-end-to-end/error-context.md

    attachment #4: trace (application/zip) ─────────────────────────────────────────────────────────
    test-results/oliva-reno-nb-create-Const-d82b7-vation-NB-policy-end-to-end/trace.zip
    Usage:

        npx playwright show-trace test-results/oliva-reno-nb-create-Const-d82b7-vation-NB-policy-end-to-end/trace.zip

    ────────────────────────────────────────────────────────────────────────────────────────────────

  1 failed
    tests/oliva-reno-nb.spec.ts:30:5 › create Construction Renovation NB policy end-to-end ─────────
