
Running 1 test using 1 worker

[OmniForm] Renovation Questionnaire — step 1/8 "Oliva Standard Questions" (4 fields → Next)
[OmniForm] Renovation Questionnaire — step 2/8 "Proposer Details" (2 fields → Next)
[OmniForm] Renovation Questionnaire — step 3/8 "Renovation Main" (8 fields → Next)
[OmniForm] Renovation Questionnaire — step 4/8 "Renovation Cont." (10 fields → Next)
[OmniForm] Renovation Questionnaire — step 5/8 "Basement Work" (1 fields → Next)
[OmniForm] Renovation Questionnaire — step 6/8 "Timber Work" (1 fields → Next)
[OmniForm] skip absent/conditional field "Construction of timber framed buildings other than roof trusses?"
[OmniForm] Renovation Questionnaire — step 7/8 "Types of Work" (4 fields → Next)
[OmniForm] Renovation Questionnaire — step 8/8 "Additional Information" (3 fields → Save)
[OmniForm] Contract Works — step 1/1 "Coverage Questions" (6 fields → Save)
[OmniForm] Existing Structures — step 1/3 "Existing Structures" (8 fields → Next)
[OmniForm] Existing Structures — step 2/3 "Questions" (9 fields → Next)
[OmniForm] Existing Structures — step 3/3 "Excesses" (4 fields → Save)
[OmniForm] Contents — step 1/1 "Coverage Questions" (5 fields → Save)
[OmniForm] Advanced Loss of Profits/Delayed Start Up — step 1/1 "Coverage Questions" (3 fields → Save)
[OmniForm] Own Plant — step 1/1 "Coverage Questions" (3 fields → Save)
[OmniForm] Hired in Plant — step 1/1 "Coverage Questions" (4 fields → Save)
[OmniForm] Public & Products Liability — step 1/1 "Coverage Questions" (2 fields → Save)
[OmniForm] Terrorism — step 1/1 "Coverage Questions" (8 fields → Save)
[OmniForm] skip absent/conditional field "Contract Value"
[OmniForm] skip absent/conditional field "Existing Structure"
[OmniForm] skip absent/conditional field "DSU"
[OmniForm] skip absent/conditional field "ACOW"
  ✘  1 tests/oliva-reno-nb.spec.ts:30:5 › create Construction Renovation NB policy end-to-end (3.9m)


  1) tests/oliva-reno-nb.spec.ts:30:5 › create Construction Renovation NB policy end-to-end › Add all 9 Construction coverages 

    TimeoutError: locator.click: Timeout 45000ms exceeded.
    Call log:
      - waiting for locator('article, li, .slds-card, .slds-box').filter({ hasText: 'PG Test Insured' }).last().getByText('Show Coverages', { exact: true }).first()
        - locator resolved to <span vlocity_ins-block_block_slds="" class="slds-text-heading_small blockLabel">Show Coverages</span>
      - attempting click action
        - waiting for element to be visible, enabled and stable
        - element is visible, enabled and stable
        - scrolling into view if needed
        - done scrolling
        - <div class="slds-grid" data-label="true" vlocity_ins-combobox_combobox_slds="">…</div> from <div id="expando-unique-id-6214" vlocity_ins-block_block_slds="" class="blockSlot slds-col slds-size_1-of-1 slds-p-left_small slds-p-top_medium">…</div> subtree intercepts pointer events
      - retrying click action
        - waiting for element to be visible, enabled and stable
        - element is visible, enabled and stable
        - scrolling into view if needed
        - done scrolling
        - <p lwc-4nfn2rc40ch="">London, </p> from <div id="expando-unique-id-6214" vlocity_ins-block_block_slds="" class="blockSlot slds-col slds-size_1-of-1 slds-p-left_small slds-p-top_medium">…</div> subtree intercepts pointer events
      - retrying click action
        - waiting 20ms
        - waiting for element to be visible, enabled and stable
        - element is visible, enabled and stable
        - scrolling into view if needed
        - done scrolling
        - <div class="slds-grid" data-label="true" vlocity_ins-combobox_combobox_slds="">…</div> from <div id="expando-unique-id-6214" vlocity_ins-block_block_slds="" class="blockSlot slds-col slds-size_1-of-1 slds-p-left_small slds-p-top_medium">…</div> subtree intercepts pointer events
      2 × retrying click action
          - waiting 100ms
          - waiting for element to be visible, enabled and stable
          - element is visible, enabled and stable
          - scrolling into view if needed
          - done scrolling
          - <h1 tabindex="-1" aria-live="polite" vlocity_ins-omniscriptstep_omniscriptstep="" class="slds-page-header__title slds-p-horizontal_medium slds-text-heading--medium slds-m-top_medium os-step-label">Coverage Questions</h1> from <div id="expando-unique-id-6214" vlocity_ins-block_block_slds="" class="blockSlot slds-col slds-size_1-of-1 slds-p-left_small slds-p-top_medium">…</div> subtree intercepts pointer events
      21 × retrying click action
           - waiting 500ms
           - waiting for element to be visible, enabled and stable
           - element is visible, enabled and stable
           - scrolling into view if needed
           - done scrolling
           - <p lwc-4nfn2rc40ch="">London, </p> from <div id="expando-unique-id-6214" vlocity_ins-block_block_slds="" class="blockSlot slds-col slds-size_1-of-1 slds-p-left_small slds-p-top_medium">…</div> subtree intercepts pointer events
         - retrying click action
           - waiting 500ms
           - waiting for element to be visible, enabled and stable
           - element is visible, enabled and stable
           - scrolling into view if needed
           - done scrolling
           - <div class="slds-grid" data-label="true" vlocity_ins-combobox_combobox_slds="">…</div> from <div id="expando-unique-id-6214" vlocity_ins-block_block_slds="" class="blockSlot slds-col slds-size_1-of-1 slds-p-left_small slds-p-top_medium">…</div> subtree intercepts pointer events
         - retrying click action
           - waiting 500ms
           - waiting for element to be visible, enabled and stable
           - element is visible, enabled and stable
           - scrolling into view if needed
           - done scrolling
           - <h1 tabindex="-1" aria-live="polite" vlocity_ins-omniscriptstep_omniscriptstep="" class="slds-page-header__title slds-p-horizontal_medium slds-text-heading--medium slds-m-top_medium os-step-label">Coverage Questions</h1> from <div id="expando-unique-id-6214" vlocity_ins-block_block_slds="" class="blockSlot slds-col slds-size_1-of-1 slds-p-left_small slds-p-top_medium">…</div> subtree intercepts pointer events
         - retrying click action
           - waiting 500ms
           - waiting for element to be visible, enabled and stable
           - element is visible, enabled and stable
           - scrolling into view if needed
           - done scrolling
           - <h1 tabindex="-1" aria-live="polite" vlocity_ins-omniscriptstep_omniscriptstep="" class="slds-page-header__title slds-p-horizontal_medium slds-text-heading--medium slds-m-top_medium os-step-label">Coverage Questions</h1> from <div id="expando-unique-id-6214" vlocity_ins-block_block_slds="" class="blockSlot slds-col slds-size_1-of-1 slds-p-left_small slds-p-top_medium">…</div> subtree intercepts pointer events
      - retrying click action
        - waiting 500ms
        - waiting for element to be visible, enabled and stable
        - element is visible, enabled and stable
        - scrolling into view if needed
        - done scrolling
        - <p lwc-4nfn2rc40ch="">London, </p> from <div id="expando-unique-id-6214" vlocity_ins-block_block_slds="" class="blockSlot slds-col slds-size_1-of-1 slds-p-left_small slds-p-top_medium">…</div> subtree intercepts pointer events
      - retrying click action
        - waiting 500ms
        - waiting for element to be visible, enabled and stable
        - element is visible, enabled and stable
        - scrolling into view if needed
        - done scrolling
        - <div class="slds-grid" data-label="true" vlocity_ins-combobox_combobox_slds="">…</div> from <div id="expando-unique-id-6214" vlocity_ins-block_block_slds="" class="blockSlot slds-col slds-size_1-of-1 slds-p-left_small slds-p-top_medium">…</div> subtree intercepts pointer events
      - retrying click action
        - waiting 500ms


       at ../src/pages/QuotePage.ts:41

      39 |     const show = card.getByText('Show Coverages', { exact: true }).first();
      40 |     if (await show.isVisible().catch(() => false)) {
    > 41 |       await show.click();
         |                  ^
      42 |       await waitForSpinners(this.page);
      43 |     }
      44 |   }
        at QuotePage.expandCoverages (/Users/praneethpaturu/Downloads/wysele AI/oliva-automation/src/pages/QuotePage.ts:41:18)
        at QuotePage.showInsurableCoverages (/Users/praneethpaturu/Downloads/wysele AI/oliva-automation/src/pages/QuotePage.ts:80:5)
        at QuotePage.addRenoCoverage (/Users/praneethpaturu/Downloads/wysele AI/oliva-automation/src/pages/QuotePage.ts:218:5)
        at /Users/praneethpaturu/Downloads/wysele AI/oliva-automation/tests/oliva-reno-nb.spec.ts:87:7
        at /Users/praneethpaturu/Downloads/wysele AI/oliva-automation/tests/oliva-reno-nb.spec.ts:85:3

    attachment #1: screenshot (image/png) ──────────────────────────────────────────────────────────
    test-results/oliva-reno-nb-create-Const-d82b7-vation-NB-policy-end-to-end/test-failed-1.png
    ────────────────────────────────────────────────────────────────────────────────────────────────

    attachment #2: video (video/webm) ──────────────────────────────────────────────────────────────
    test-results/oliva-reno-nb-create-Const-d82b7-vation-NB-policy-end-to-end/video.webm
    ────────────────────────────────────────────────────────────────────────────────────────────────

    Error Context: test-results/oliva-reno-nb-create-Const-d82b7-vation-NB-policy-end-to-end/error-context.md

    attachment #4: trace (application/zip) ─────────────────────────────────────────────────────────
    test-results/oliva-reno-nb-create-Const-d82b7-vation-NB-policy-end-to-end/trace.zip
    Usage:

        npx playwright show-trace test-results/oliva-reno-nb-create-Const-d82b7-vation-NB-policy-end-to-end/trace.zip

    ────────────────────────────────────────────────────────────────────────────────────────────────

  1 failed
    tests/oliva-reno-nb.spec.ts:30:5 › create Construction Renovation NB policy end-to-end ─────────
