
Running 1 test using 1 worker

[BindersPage] 9 risk row(s) need binder selection
  ✘  1 tests/oliva-reno-nb.spec.ts:30:5 › create Construction Renovation NB policy end-to-end (1.7m)


  1) tests/oliva-reno-nb.spec.ts:30:5 › create Construction Renovation NB policy end-to-end › Select binders for all risks 

    Error: expect(locator).toBeVisible() failed

    Locator: locator('tr, [role="row"]').filter({ has: getByRole('button', { name: 'Remove', exact: true }) }).filter({ visible: true }).last()
    Expected: visible
    Timeout: 30000ms
    Error: element(s) not found

    Call log:
      - Expect "toBeVisible" with timeout 30000ms
      - waiting for locator('tr, [role="row"]').filter({ has: getByRole('button', { name: 'Remove', exact: true }) }).filter({ visible: true }).last()


       at ../src/pages/BindersPage.ts:111

      109 |       .filter({ visible: true })
      110 |       .last();
    > 111 |     await expect(selectedRow).toBeVisible({ timeout: 30_000 });
          |                               ^
      112 |
      113 |     // If N/R is already set (re-opened row), nothing more to do.
      114 |     if (
        at BindersPage.processBinderView (/Users/praneethpaturu/Downloads/wysele AI/oliva-automation/src/pages/BindersPage.ts:111:31)
        at BindersPage.selectAllBinders (/Users/praneethpaturu/Downloads/wysele AI/oliva-automation/src/pages/BindersPage.ts:61:7)
        at /Users/praneethpaturu/Downloads/wysele AI/oliva-automation/tests/oliva-reno-nb.spec.ts:115:5
        at /Users/praneethpaturu/Downloads/wysele AI/oliva-automation/tests/oliva-reno-nb.spec.ts:114:3

    attachment #1: screenshot (image/png) ──────────────────────────────────────────────────────────
    test-results/oliva-reno-nb-create-Const-d82b7-vation-NB-policy-end-to-end/test-failed-1.png
    ────────────────────────────────────────────────────────────────────────────────────────────────

    attachment #2: video (video/webm) ──────────────────────────────────────────────────────────────
    test-results/oliva-reno-nb-create-Const-d82b7-vation-NB-policy-end-to-end/video.webm
    ────────────────────────────────────────────────────────────────────────────────────────────────

    Error Context: test-results/oliva-reno-nb-create-Const-d82b7-vation-NB-policy-end-to-end/error-context.md

    attachment #4: trace (application/zip) ─────────────────────────────────────────────────────────
    test-results/oliva-reno-nb-create-Const-d82b7-vation-NB-policy-end-to-end/trace.zip
    Usage:

        npx playwright show-trace test-results/oliva-reno-nb-create-Const-d82b7-vation-NB-policy-end-to-end/trace.zip

    ────────────────────────────────────────────────────────────────────────────────────────────────

  1 failed
    tests/oliva-reno-nb.spec.ts:30:5 › create Construction Renovation NB policy end-to-end ─────────
