
Running 1 test using 1 worker

  ✘  1 tests/oliva-reno-nb.spec.ts:29:5 › create Construction Renovation NB policy end-to-end (1.3m)


  1) tests/oliva-reno-nb.spec.ts:29:5 › create Construction Renovation NB policy end-to-end › Open intermediary account and start submission 

    Error: expect(locator).toBeVisible() failed

    Locator: getByRole('link', { name: 'MARSHALL WOOLDRIDGE LIMITED' }).first()
    Expected: visible
    Timeout: 60000ms
    Error: element(s) not found

    Call log:
      - Expect "toBeVisible" with timeout 60000ms
      - waiting for getByRole('link', { name: 'MARSHALL WOOLDRIDGE LIMITED' }).first()


       at ../src/pages/AccountsPage.ts:30

      28 |
      29 |     const link = this.page.getByRole('link', { name: accountName }).first();
    > 30 |     await expect(link).toBeVisible({ timeout: 60_000 });
         |                        ^
      31 |     await link.click();
      32 |     await waitForSpinners(this.page);
      33 |   }
        at AccountsPage.openAccount (/Users/praneethpaturu/Downloads/wysele AI/oliva-automation/src/pages/AccountsPage.ts:30:24)
        at /Users/praneethpaturu/Downloads/wysele AI/oliva-automation/tests/oliva-reno-nb.spec.ts:50:5
        at /Users/praneethpaturu/Downloads/wysele AI/oliva-automation/tests/oliva-reno-nb.spec.ts:49:3

    attachment #1: screenshot (image/png) ──────────────────────────────────────────────────────────
    test-results/oliva-reno-nb-create-Const-d82b7-vation-NB-policy-end-to-end/test-failed-1.png
    ────────────────────────────────────────────────────────────────────────────────────────────────

    attachment #2: video (video/webm) ──────────────────────────────────────────────────────────────
    test-results/oliva-reno-nb-create-Const-d82b7-vation-NB-policy-end-to-end/video.webm
    ────────────────────────────────────────────────────────────────────────────────────────────────

    Error Context: test-results/oliva-reno-nb-create-Const-d82b7-vation-NB-policy-end-to-end/error-context.md

    attachment #4: trace (application/zip) ─────────────────────────────────────────────────────────
    test-results/oliva-reno-nb-create-Const-d82b7-vation-NB-policy-end-to-end/trace.zip
    Usage:

        npx playwright show-trace test-results/oliva-reno-nb-create-Const-d82b7-vation-NB-policy-end-to-end/trace.zip

    ────────────────────────────────────────────────────────────────────────────────────────────────

  1 failed
    tests/oliva-reno-nb.spec.ts:29:5 › create Construction Renovation NB policy end-to-end ─────────
