
Running 1 test using 1 worker

[OmniForm] Renovation Questionnaire — step 1/8 "Oliva Standard Questions" (4 fields → Next)
[OmniForm] Renovation Questionnaire — step 2/8 "Proposer Details" (2 fields → Next)
[OmniForm] Renovation Questionnaire — step 3/8 "Renovation Main" (8 fields → Next)
[OmniForm] Renovation Questionnaire — step 4/8 "Renovation Cont." (10 fields → Next)
[OmniForm] Renovation Questionnaire — step 5/8 "Basement Work" (1 fields → Next)
[OmniForm] Renovation Questionnaire — step 6/8 "Timber Work" (1 fields → Next)
[OmniForm] skip absent/conditional field "Construction of timber framed buildings other than roof trusses?"
[OmniForm] Renovation Questionnaire — step 7/8 "Types of Work" (4 fields → Next)
[OmniForm] Renovation Questionnaire — step 8/8 "Additional Information" (3 fields → Save)
[OmniForm] Contract Works — step 1/1 "Coverage Questions" (6 fields → Save)
[OmniForm] Existing Structures — step 1/3 "Existing Structures" (8 fields → Next)
[OmniForm] Existing Structures — step 2/3 "Questions" (9 fields → Next)
[OmniForm] Existing Structures — step 3/3 "Excesses" (4 fields → Save)
[OmniForm] Contents — step 1/1 "Coverage Questions" (5 fields → Save)
[OmniForm] Advanced Loss of Profits/Delayed Start Up — step 1/1 "Coverage Questions" (3 fields → Save)
[OmniForm] Own Plant — step 1/1 "Coverage Questions" (3 fields → Save)
[OmniForm] Hired in Plant — step 1/1 "Coverage Questions" (4 fields → Save)
[OmniForm] Public & Products Liability — step 1/1 "Coverage Questions" (2 fields → Save)
[OmniForm] Terrorism — step 1/1 "Coverage Questions" (8 fields → Save)
[OmniForm] JCT 6.5.1 Non Negligent Liability — step 1/2 "Page 1" (6 fields → Next)
[OmniForm] JCT 6.5.1 Non Negligent Liability — step 2/2 "Page 2" (5 fields → Save)
[BindersPage] 9 risk row(s) need binder selection
